Platform browser has already been set. Overwriting the platform with browser. classifier.js:78:826959
cpu backend was already registered. Reusing existing backend factory. classifier.js:78:831690
The kernel '_FusedMatMul' for backend 'cpu' is already registered content.js:360:103912
The kernel 'Abs' for backend 'cpu' is already registered content.js:360:103912
The kernel 'Acos' for backend 'cpu' is already registered content.js:360:103912
The kernel 'Acosh' for backend 'cpu' is already registered content.js:360:103912
The kernel 'Add' for backend 'cpu' is already registered content.js:360:103912
The kernel 'AddN' for backend 'cpu' is already registered content.js:360:103912
The kernel 'All' for backend 'cpu' is already registered content.js:360:103912
The kernel 'Any' for backend 'cpu' is already registered content.js:360:103912
The kernel 'ArgMax' for backend 'cpu' is already registered content.js:360:103912
The kernel 'ArgMin' for backend 'cpu' is already registered content.js:360:103912
The kernel 'Asin' for backend 'cpu' is already registered content.js:360:103912
The kernel 'Asinh' for backend 'cpu' is already registered content.js:360:103912
The kernel 'Atan' for backend 'cpu' is already registered content.js:360:103912
The kernel 'Atan2' for backend 'cpu' is already registered content.js:360:103912
The kernel 'Atanh' for backend 'cpu' is already registered content.js:360:103912
The kernel 'AvgPool' for backend 'cpu' is already registered content.js:360:103912
The kernel 'AvgPool3D' for backend 'cpu' is already registered content.js:360:103912
The kernel 'AvgPool3DGrad' for backend 'cpu' is already registered content.js:360:103912
The kernel 'AvgPoolGrad' for backend 'cpu' is already registered content.js:360:103912
The kernel 'BatchMatMul' for backend 'cpu' is already registered content.js:360:103912
The kernel 'FusedBatchNorm' for backend 'cpu' is already registered content.js:360:103912
The kernel 'BatchToSpaceND' for backend 'cpu' is already registered content.js:360:103912
The kernel 'Bincount' for backend 'cpu' is already registered content.js:360:103912
The kernel 'BitwiseAnd' for backend 'cpu' is already registered content.js:360:103912
The kernel 'BroadcastArgs' for backend 'cpu' is already registered content.js:360:103912
The kernel 'Cast' for backend 'cpu' is already registered content.js:360:103912
The kernel 'Ceil' for backend 'cpu' is already registered content.js:360:103912
The kernel 'ClipByValue' for backend 'cpu' is already registered content.js:360:103912
The kernel 'Complex' for backend 'cpu' is already registered content.js:360:103912
The kernel 'ComplexAbs' for backend 'cpu' is already registered content.js:360:103912
The kernel 'Concat' for backend 'cpu' is already registered content.js:360:103912
The kernel 'Conv2D' for backend 'cpu' is already registered content.js:360:103912
The kernel 'Conv2DBackpropFilter' for backend 'cpu' is already registered content.js:360:103912
The kernel 'Conv2DBackpropInput' for backend 'cpu' is already registered content.js:360:103912
The kernel 'Conv3D' for backend 'cpu' is already registered content.js:360:103912
The kernel 'Conv3DBackpropFilterV2' for backend 'cpu' is already registered content.js:360:103912
The kernel 'Conv3DBackpropInputV2' for backend 'cpu' is already registered content.js:360:103912
The kernel 'Cos' for backend 'cpu' is already registered content.js:360:103912
The kernel 'Cosh' for backend 'cpu' is already registered content.js:360:103912
The kernel 'CropAndResize' for backend 'cpu' is already registered content.js:360:103912
The kernel 'Cumprod' for backend 'cpu' is already registered content.js:360:103912
The kernel 'Cumsum' for backend 'cpu' is already registered content.js:360:103912
The kernel 'DenseBincount' for backend 'cpu' is already registered content.js:360:103912
The kernel 'DepthToSpace' for backend 'cpu' is already registered content.js:360:103912
The kernel 'DepthwiseConv2dNative' for backend 'cpu' is already registered content.js:360:103912
The kernel 'DepthwiseConv2dNativeBackpropFilter' for backend 'cpu' is already registered content.js:360:103912
The kernel 'DepthwiseConv2dNativeBackpropInput' for backend 'cpu' is already registered content.js:360:103912
The kernel 'Diag' for backend 'cpu' is already registered content.js:360:103912
The kernel 'Dilation2D' for backend 'cpu' is already registered content.js:360:103912
The kernel 'Dilation2DBackpropFilter' for backend 'cpu' is already registered content.js:360:103912
The kernel 'Dilation2DBackpropInput' for backend 'cpu' is already registered content.js:360:103912
The kernel 'Draw' for backend 'cpu' is already registered content.js:360:103912
The kernel 'Einsum' for backend 'cpu' is already registered content.js:360:103912
The kernel 'Elu' for backend 'cpu' is already registered content.js:360:103912
The kernel 'EluGrad' for backend 'cpu' is already registered content.js:360:103912
The kernel 'Equal' for backend 'cpu' is already registered content.js:360:103912
The kernel 'Erf' for backend 'cpu' is already registered content.js:360:103912
The kernel 'Exp' for backend 'cpu' is already registered content.js:360:103912
The kernel 'ExpandDims' for backend 'cpu' is already registered content.js:360:103912
The kernel 'Expm1' for backend 'cpu' is already registered content.js:360:103912
The kernel 'FFT' for backend 'cpu' is already registered content.js:360:103912
The kernel 'Fill' for backend 'cpu' is already registered content.js:360:103912
The kernel 'FlipLeftRight' for backend 'cpu' is already registered content.js:360:103912
The kernel 'Floor' for backend 'cpu' is already registered content.js:360:103912
The kernel 'FloorDiv' for backend 'cpu' is already registered content.js:360:103912
The kernel 'FusedConv2D' for backend 'cpu' is already registered content.js:360:103912
The kernel 'FusedDepthwiseConv2D' for backend 'cpu' is already registered content.js:360:103912
The kernel 'GatherNd' for backend 'cpu' is already registered content.js:360:103912
The kernel 'GatherV2' for backend 'cpu' is already registered content.js:360:103912
The kernel 'Greater' for backend 'cpu' is already registered content.js:360:103912
The kernel 'GreaterEqual' for backend 'cpu' is already registered content.js:360:103912
The kernel 'Identity' for backend 'cpu' is already registered content.js:360:103912
The kernel 'IFFT' for backend 'cpu' is already registered content.js:360:103912
The kernel 'Imag' for backend 'cpu' is already registered content.js:360:103912
The kernel 'IsFinite' for backend 'cpu' is already registered content.js:360:103912
The kernel 'IsInf' for backend 'cpu' is already registered content.js:360:103912
The kernel 'IsNan' for backend 'cpu' is already registered content.js:360:103912
The kernel 'LeakyRelu' for backend 'cpu' is already registered content.js:360:103912
The kernel 'Less' for backend 'cpu' is already registered content.js:360:103912
The kernel 'LessEqual' for backend 'cpu' is already registered content.js:360:103912
The kernel 'LinSpace' for backend 'cpu' is already registered content.js:360:103912
The kernel 'Log' for backend 'cpu' is already registered content.js:360:103912
The kernel 'Log1p' for backend 'cpu' is already registered content.js:360:103912
The kernel 'LogicalAnd' for backend 'cpu' is already registered content.js:360:103912
The kernel 'LogicalNot' for backend 'cpu' is already registered content.js:360:103912
The kernel 'LogicalOr' for backend 'cpu' is already registered content.js:360:103912
The kernel 'LRN' for backend 'cpu' is already registered content.js:360:103912
The kernel 'LRNGrad' for backend 'cpu' is already registered content.js:360:103912
The kernel 'Max' for backend 'cpu' is already registered content.js:360:103912
The kernel 'Maximum' for backend 'cpu' is already registered content.js:360:103912
The kernel 'MaxPool' for backend 'cpu' is already registered content.js:360:103912
The kernel 'MaxPool3D' for backend 'cpu' is already registered content.js:360:103912
The kernel 'MaxPool3DGrad' for backend 'cpu' is already registered content.js:360:103912
The kernel 'MaxPoolGrad' for backend 'cpu' is already registered content.js:360:103912
The kernel 'MaxPoolWithArgmax' for backend 'cpu' is already registered content.js:360:103912
The kernel 'Mean' for backend 'cpu' is already registered content.js:360:103912
The kernel 'Min' for backend 'cpu' is already registered content.js:360:103912
The kernel 'Minimum' for backend 'cpu' is already registered content.js:360:103912
The kernel 'MirrorPad' for backend 'cpu' is already registered content.js:360:103912
The kernel 'Mod' for backend 'cpu' is already registered content.js:360:103912
The kernel 'Multinomial' for backend 'cpu' is already registered content.js:360:103912
The kernel 'Multiply' for backend 'cpu' is already registered content.js:360:103912
The kernel 'Neg' for backend 'cpu' is already registered content.js:360:103912
The kernel 'NonMaxSuppressionV3' for backend 'cpu' is already registered content.js:360:103912
The kernel 'NonMaxSuppressionV4' for backend 'cpu' is already registered content.js:360:103912
The kernel 'NonMaxSuppressionV5' for backend 'cpu' is already registered content.js:360:103912
The kernel 'NotEqual' for backend 'cpu' is already registered content.js:360:103912
The kernel 'OneHot' for backend 'cpu' is already registered content.js:360:103912
The kernel 'OnesLike' for backend 'cpu' is already registered content.js:360:103912
The kernel 'Pack' for backend 'cpu' is already registered content.js:360:103912
The kernel 'PadV2' for backend 'cpu' is already registered content.js:360:103912
The kernel 'Pow' for backend 'cpu' is already registered content.js:360:103912
The kernel 'Prelu' for backend 'cpu' is already registered content.js:360:103912
The kernel 'Prod' for backend 'cpu' is already registered content.js:360:103912
The kernel 'RaggedGather' for backend 'cpu' is already registered content.js:360:103912
The kernel 'RaggedRange' for backend 'cpu' is already registered content.js:360:103912
The kernel 'RaggedTensorToTensor' for backend 'cpu' is already registered content.js:360:103912
The kernel 'Range' for backend 'cpu' is already registered content.js:360:103912
The kernel 'Real' for backend 'cpu' is already registered content.js:360:103912
The kernel 'RealDiv' for backend 'cpu' is already registered content.js:360:103912
The kernel 'Reciprocal' for backend 'cpu' is already registered content.js:360:103912
The kernel 'Relu' for backend 'cpu' is already registered content.js:360:103912
The kernel 'Relu6' for backend 'cpu' is already registered content.js:360:103912
The kernel 'Reshape' for backend 'cpu' is already registered content.js:360:103912
The kernel 'ResizeBilinear' for backend 'cpu' is already registered content.js:360:103912
The kernel 'ResizeBilinearGrad' for backend 'cpu' is already registered content.js:360:103912
The kernel 'ResizeNearestNeighbor' for backend 'cpu' is already registered content.js:360:103912
The kernel 'ResizeNearestNeighborGrad' for backend 'cpu' is already registered content.js:360:103912
The kernel 'Reverse' for backend 'cpu' is already registered content.js:360:103912
The kernel 'RotateWithOffset' for backend 'cpu' is already registered content.js:360:103912
The kernel 'Round' for backend 'cpu' is already registered content.js:360:103912
The kernel 'Rsqrt' for backend 'cpu' is already registered content.js:360:103912
The kernel 'ScatterNd' for backend 'cpu' is already registered content.js:360:103912
The kernel 'SearchSorted' for backend 'cpu' is already registered content.js:360:103912
The kernel 'Select' for backend 'cpu' is already registered content.js:360:103912
The kernel 'Selu' for backend 'cpu' is already registered content.js:360:103912
The kernel 'Sigmoid' for backend 'cpu' is already registered content.js:360:103912
The kernel 'Sign' for backend 'cpu' is already registered content.js:360:103912
The kernel 'Sin' for backend 'cpu' is already registered content.js:360:103912
The kernel 'Sinh' for backend 'cpu' is already registered content.js:360:103912
The kernel 'Slice' for backend 'cpu' is already registered content.js:360:103912
The kernel 'Softmax' for backend 'cpu' is already registered content.js:360:103912
The kernel 'Softplus' for backend 'cpu' is already registered content.js:360:103912
The kernel 'SpaceToBatchND' for backend 'cpu' is already registered content.js:360:103912
The kernel 'SparseFillEmptyRows' for backend 'cpu' is already registered content.js:360:103912
The kernel 'SparseReshape' for backend 'cpu' is already registered content.js:360:103912
The kernel 'SparseSegmentMean' for backend 'cpu' is already registered content.js:360:103912
The kernel 'SparseSegmentSum' for backend 'cpu' is already registered content.js:360:103912
The kernel 'SparseToDense' for backend 'cpu' is already registered content.js:360:103912
The kernel 'SplitV' for backend 'cpu' is already registered content.js:360:103912
The kernel 'Sqrt' for backend 'cpu' is already registered content.js:360:103912
The kernel 'Square' for backend 'cpu' is already registered content.js:360:103912
The kernel 'SquaredDifference' for backend 'cpu' is already registered content.js:360:103912
The kernel 'StaticRegexReplace' for backend 'cpu' is already registered content.js:360:103912
The kernel 'Step' for backend 'cpu' is already registered content.js:360:103912
The kernel 'StridedSlice' for backend 'cpu' is already registered content.js:360:103912
The kernel 'StringNGrams' for backend 'cpu' is already registered content.js:360:103912
The kernel 'StringSplit' for backend 'cpu' is already registered content.js:360:103912
The kernel 'StringToHashBucketFast' for backend 'cpu' is already registered content.js:360:103912
The kernel 'Sub' for backend 'cpu' is already registered content.js:360:103912
The kernel 'Sum' for backend 'cpu' is already registered content.js:360:103912
The kernel 'Tan' for backend 'cpu' is already registered content.js:360:103912
The kernel 'Tanh' for backend 'cpu' is already registered content.js:360:103912
The kernel 'TensorScatterUpdate' for backend 'cpu' is already registered content.js:360:103912
The kernel 'Tile' for backend 'cpu' is already registered content.js:360:103912
The kernel 'TopK' for backend 'cpu' is already registered content.js:360:103912
The kernel 'Transform' for backend 'cpu' is already registered content.js:360:103912
The kernel 'Transpose' for backend 'cpu' is already registered content.js:360:103912
The kernel 'Unique' for backend 'cpu' is already registered content.js:360:103912
The kernel 'Unpack' for backend 'cpu' is already registered content.js:360:103912
The kernel 'UnsortedSegmentSum' for backend 'cpu' is already registered content.js:360:103912
The kernel 'ZerosLike' for backend 'cpu' is already registered content.js:360:103912
webgl backend was already registered. Reusing existing backend factory. classifier.js:78:831690
The kernel '_FusedMatMul' for backend 'webgl' is already registered content.js:360:103912
The kernel 'Abs' for backend 'webgl' is already registered content.js:360:103912
The kernel 'Acos' for backend 'webgl' is already registered content.js:360:103912
The kernel 'Acosh' for backend 'webgl' is already registered content.js:360:103912
The kernel 'Add' for backend 'webgl' is already registered content.js:360:103912
The kernel 'AddN' for backend 'webgl' is already registered content.js:360:103912
The kernel 'All' for backend 'webgl' is already registered content.js:360:103912
The kernel 'Any' for backend 'webgl' is already registered content.js:360:103912
The kernel 'ArgMax' for backend 'webgl' is already registered content.js:360:103912
The kernel 'ArgMin' for backend 'webgl' is already registered content.js:360:103912
The kernel 'Asin' for backend 'webgl' is already registered content.js:360:103912
The kernel 'Asinh' for backend 'webgl' is already registered content.js:360:103912
The kernel 'Atan' for backend 'webgl' is already registered content.js:360:103912
The kernel 'Atan2' for backend 'webgl' is already registered content.js:360:103912
The kernel 'Atanh' for backend 'webgl' is already registered content.js:360:103912
The kernel 'AvgPool' for backend 'webgl' is already registered content.js:360:103912
The kernel 'AvgPool3D' for backend 'webgl' is already registered content.js:360:103912
The kernel 'AvgPool3DGrad' for backend 'webgl' is already registered content.js:360:103912
The kernel 'AvgPoolGrad' for backend 'webgl' is already registered content.js:360:103912
The kernel 'BatchMatMul' for backend 'webgl' is already registered content.js:360:103912
The kernel 'FusedBatchNorm' for backend 'webgl' is already registered content.js:360:103912
The kernel 'BatchToSpaceND' for backend 'webgl' is already registered content.js:360:103912
The kernel 'Bincount' for backend 'webgl' is already registered content.js:360:103912
The kernel 'BitwiseAnd' for backend 'webgl' is already registered content.js:360:103912
The kernel 'BroadcastArgs' for backend 'webgl' is already registered content.js:360:103912
The kernel 'Cast' for backend 'webgl' is already registered content.js:360:103912
The kernel 'Ceil' for backend 'webgl' is already registered content.js:360:103912
The kernel 'ClipByValue' for backend 'webgl' is already registered content.js:360:103912
The kernel 'Complex' for backend 'webgl' is already registered content.js:360:103912
The kernel 'ComplexAbs' for backend 'webgl' is already registered content.js:360:103912
The kernel 'Concat' for backend 'webgl' is already registered content.js:360:103912
The kernel 'Conv2D' for backend 'webgl' is already registered content.js:360:103912
The kernel 'Conv2DBackpropFilter' for backend 'webgl' is already registered content.js:360:103912
The kernel 'Conv2DBackpropInput' for backend 'webgl' is already registered content.js:360:103912
The kernel 'Conv3D' for backend 'webgl' is already registered content.js:360:103912
The kernel 'Conv3DBackpropFilterV2' for backend 'webgl' is already registered content.js:360:103912
The kernel 'Conv3DBackpropInputV2' for backend 'webgl' is already registered content.js:360:103912
The kernel 'Cos' for backend 'webgl' is already registered content.js:360:103912
The kernel 'Cosh' for backend 'webgl' is already registered content.js:360:103912
The kernel 'CropAndResize' for backend 'webgl' is already registered content.js:360:103912
The kernel 'Cumprod' for backend 'webgl' is already registered content.js:360:103912
The kernel 'Cumsum' for backend 'webgl' is already registered content.js:360:103912
The kernel 'DenseBincount' for backend 'webgl' is already registered content.js:360:103912
The kernel 'DepthToSpace' for backend 'webgl' is already registered content.js:360:103912
The kernel 'DepthwiseConv2dNative' for backend 'webgl' is already registered content.js:360:103912
The kernel 'DepthwiseConv2dNativeBackpropFilter' for backend 'webgl' is already registered content.js:360:103912
The kernel 'DepthwiseConv2dNativeBackpropInput' for backend 'webgl' is already registered content.js:360:103912
The kernel 'Diag' for backend 'webgl' is already registered content.js:360:103912
The kernel 'Dilation2D' for backend 'webgl' is already registered content.js:360:103912
The kernel 'Einsum' for backend 'webgl' is already registered content.js:360:103912
The kernel 'Elu' for backend 'webgl' is already registered content.js:360:103912
The kernel 'EluGrad' for backend 'webgl' is already registered content.js:360:103912
The kernel 'Equal' for backend 'webgl' is already registered content.js:360:103912
The kernel 'Erf' for backend 'webgl' is already registered content.js:360:103912
The kernel 'Exp' for backend 'webgl' is already registered content.js:360:103912
The kernel 'ExpandDims' for backend 'webgl' is already registered content.js:360:103912
The kernel 'Expm1' for backend 'webgl' is already registered content.js:360:103912
The kernel 'FFT' for backend 'webgl' is already registered content.js:360:103912
The kernel 'Fill' for backend 'webgl' is already registered content.js:360:103912
The kernel 'FlipLeftRight' for backend 'webgl' is already registered content.js:360:103912
The kernel 'Floor' for backend 'webgl' is already registered content.js:360:103912
The kernel 'FloorDiv' for backend 'webgl' is already registered content.js:360:103912
The kernel 'FromPixels' for backend 'webgl' is already registered content.js:360:103912
The kernel 'FusedConv2D' for backend 'webgl' is already registered content.js:360:103912
The kernel 'FusedDepthwiseConv2D' for backend 'webgl' is already registered content.js:360:103912
The kernel 'GatherNd' for backend 'webgl' is already registered content.js:360:103912
The kernel 'GatherV2' for backend 'webgl' is already registered content.js:360:103912
The kernel 'Greater' for backend 'webgl' is already registered content.js:360:103912
The kernel 'GreaterEqual' for backend 'webgl' is already registered content.js:360:103912
The kernel 'Identity' for backend 'webgl' is already registered content.js:360:103912
The kernel 'IFFT' for backend 'webgl' is already registered content.js:360:103912
The kernel 'Imag' for backend 'webgl' is already registered content.js:360:103912
The kernel 'IsFinite' for backend 'webgl' is already registered content.js:360:103912
The kernel 'IsInf' for backend 'webgl' is already registered content.js:360:103912
The kernel 'IsNan' for backend 'webgl' is already registered content.js:360:103912
The kernel 'LeakyRelu' for backend 'webgl' is already registered content.js:360:103912
The kernel 'Less' for backend 'webgl' is already registered content.js:360:103912
The kernel 'LessEqual' for backend 'webgl' is already registered content.js:360:103912
The kernel 'LinSpace' for backend 'webgl' is already registered content.js:360:103912
The kernel 'Log' for backend 'webgl' is already registered content.js:360:103912
The kernel 'Log1p' for backend 'webgl' is already registered content.js:360:103912
The kernel 'LogicalAnd' for backend 'webgl' is already registered content.js:360:103912
The kernel 'LogicalNot' for backend 'webgl' is already registered content.js:360:103912
The kernel 'LogicalOr' for backend 'webgl' is already registered content.js:360:103912
The kernel 'LRN' for backend 'webgl' is already registered content.js:360:103912
The kernel 'LRNGrad' for backend 'webgl' is already registered content.js:360:103912
The kernel 'Max' for backend 'webgl' is already registered content.js:360:103912
The kernel 'Maximum' for backend 'webgl' is already registered content.js:360:103912
The kernel 'MaxPool' for backend 'webgl' is already registered content.js:360:103912
The kernel 'MaxPool3D' for backend 'webgl' is already registered content.js:360:103912
The kernel 'MaxPool3DGrad' for backend 'webgl' is already registered content.js:360:103912
The kernel 'MaxPoolGrad' for backend 'webgl' is already registered content.js:360:103912
The kernel 'MaxPoolWithArgmax' for backend 'webgl' is already registered content.js:360:103912
The kernel 'Mean' for backend 'webgl' is already registered content.js:360:103912
The kernel 'Min' for backend 'webgl' is already registered content.js:360:103912
The kernel 'Minimum' for backend 'webgl' is already registered content.js:360:103912
The kernel 'MirrorPad' for backend 'webgl' is already registered content.js:360:103912
The kernel 'Mod' for backend 'webgl' is already registered content.js:360:103912
The kernel 'Multinomial' for backend 'webgl' is already registered content.js:360:103912
The kernel 'Multiply' for backend 'webgl' is already registered content.js:360:103912
The kernel 'Neg' for backend 'webgl' is already registered content.js:360:103912
The kernel 'NonMaxSuppressionV3' for backend 'webgl' is already registered content.js:360:103912
The kernel 'NonMaxSuppressionV4' for backend 'webgl' is already registered content.js:360:103912
The kernel 'NonMaxSuppressionV5' for backend 'webgl' is already registered content.js:360:103912
The kernel 'NotEqual' for backend 'webgl' is already registered content.js:360:103912
The kernel 'OneHot' for backend 'webgl' is already registered content.js:360:103912
The kernel 'OnesLike' for backend 'webgl' is already registered content.js:360:103912
The kernel 'Pack' for backend 'webgl' is already registered content.js:360:103912
The kernel 'PadV2' for backend 'webgl' is already registered content.js:360:103912
The kernel 'Pow' for backend 'webgl' is already registered content.js:360:103912
The kernel 'Prelu' for backend 'webgl' is already registered content.js:360:103912
The kernel 'Prod' for backend 'webgl' is already registered content.js:360:103912
The kernel 'RaggedGather' for backend 'webgl' is already registered content.js:360:103912
The kernel 'RaggedRange' for backend 'webgl' is already registered content.js:360:103912
The kernel 'RaggedTensorToTensor' for backend 'webgl' is already registered content.js:360:103912
The kernel 'Range' for backend 'webgl' is already registered content.js:360:103912
The kernel 'Real' for backend 'webgl' is already registered content.js:360:103912
The kernel 'RealDiv' for backend 'webgl' is already registered content.js:360:103912
The kernel 'Reciprocal' for backend 'webgl' is already registered content.js:360:103912
The kernel 'Relu' for backend 'webgl' is already registered content.js:360:103912
The kernel 'Relu6' for backend 'webgl' is already registered content.js:360:103912
The kernel 'Reshape' for backend 'webgl' is already registered content.js:360:103912
The kernel 'ResizeBilinear' for backend 'webgl' is already registered content.js:360:103912
The kernel 'ResizeBilinearGrad' for backend 'webgl' is already registered content.js:360:103912
The kernel 'ResizeNearestNeighbor' for backend 'webgl' is already registered content.js:360:103912
The kernel 'ResizeNearestNeighborGrad' for backend 'webgl' is already registered content.js:360:103912
The kernel 'Reverse' for backend 'webgl' is already registered content.js:360:103912
The kernel 'RotateWithOffset' for backend 'webgl' is already registered content.js:360:103912
The kernel 'Round' for backend 'webgl' is already registered content.js:360:103912
The kernel 'Rsqrt' for backend 'webgl' is already registered content.js:360:103912
The kernel 'ScatterNd' for backend 'webgl' is already registered content.js:360:103912
The kernel 'SearchSorted' for backend 'webgl' is already registered content.js:360:103912
The kernel 'Select' for backend 'webgl' is already registered content.js:360:103912
The kernel 'Selu' for backend 'webgl' is already registered content.js:360:103912
The kernel 'Sigmoid' for backend 'webgl' is already registered content.js:360:103912
The kernel 'Sign' for backend 'webgl' is already registered content.js:360:103912
The kernel 'Sin' for backend 'webgl' is already registered content.js:360:103912
The kernel 'Sinh' for backend 'webgl' is already registered content.js:360:103912
The kernel 'Slice' for backend 'webgl' is already registered content.js:360:103912
The kernel 'Softmax' for backend 'webgl' is already registered content.js:360:103912
The kernel 'Softplus' for backend 'webgl' is already registered content.js:360:103912
The kernel 'SpaceToBatchND' for backend 'webgl' is already registered content.js:360:103912
The kernel 'SparseFillEmptyRows' for backend 'webgl' is already registered content.js:360:103912
The kernel 'SparseReshape' for backend 'webgl' is already registered content.js:360:103912
The kernel 'SparseSegmentMean' for backend 'webgl' is already registered content.js:360:103912
The kernel 'SparseSegmentSum' for backend 'webgl' is already registered content.js:360:103912
The kernel 'SparseToDense' for backend 'webgl' is already registered content.js:360:103912
The kernel 'SplitV' for backend 'webgl' is already registered content.js:360:103912
The kernel 'Sqrt' for backend 'webgl' is already registered content.js:360:103912
The kernel 'Square' for backend 'webgl' is already registered content.js:360:103912
The kernel 'SquaredDifference' for backend 'webgl' is already registered content.js:360:103912
The kernel 'StaticRegexReplace' for backend 'webgl' is already registered content.js:360:103912
The kernel 'Step' for backend 'webgl' is already registered content.js:360:103912
The kernel 'StridedSlice' for backend 'webgl' is already registered content.js:360:103912
The kernel 'StringNGrams' for backend 'webgl' is already registered content.js:360:103912
The kernel 'StringSplit' for backend 'webgl' is already registered content.js:360:103912
The kernel 'StringToHashBucketFast' for backend 'webgl' is already registered content.js:360:103912
The kernel 'Sub' for backend 'webgl' is already registered content.js:360:103912
The kernel 'Sum' for backend 'webgl' is already registered content.js:360:103912
The kernel 'Tan' for backend 'webgl' is already registered content.js:360:103912
The kernel 'Tanh' for backend 'webgl' is already registered content.js:360:103912
The kernel 'TensorScatterUpdate' for backend 'webgl' is already registered content.js:360:103912
The kernel 'Tile' for backend 'webgl' is already registered content.js:360:103912
The kernel 'TopK' for backend 'webgl' is already registered content.js:360:103912
The kernel 'Transform' for backend 'webgl' is already registered content.js:360:103912
The kernel 'Transpose' for backend 'webgl' is already registered content.js:360:103912
The kernel 'Unique' for backend 'webgl' is already registered content.js:360:103912
The kernel 'Unpack' for backend 'webgl' is already registered content.js:360:103912
The kernel 'UnsortedSegmentSum' for backend 'webgl' is already registered content.js:360:103912
The kernel 'ZerosLike' for backend 'webgl' is already registered content.js:360:103912
MouseEvent.mozPressure is deprecated. Use PointerEvent.pressure instead. leaflet-src.C7xfgDqL.js:4:164
MouseEvent.mozInputSource is deprecated. Use PointerEvent.pointerType instead. leaflet-src.C7xfgDqL.js:4:164
Error: upload_failed
    Immutable 2
2.CL9EfIgy.js:4:47075
    o Immutable
XHRPATCH
https://farm.richowen.me/api/settings
[HTTP/2 200  8ms]

XHRPOST
https://farm.richowen.me/api/uploads
[HTTP/2 500  6ms]

	
POST
	https://farm.richowen.me/api/uploads
Status
500
VersionHTTP/2
Transferred170 B (27 B size)
Referrer Policystrict-origin-when-cross-origin
DNS ResolutionSystem

Error: upload_failed
    Immutable 8
2.CL9EfIgy.js:4:47075
